<html>
<body>
<pre>
<h1>礦ision Build Log</h1>
<h2>Tool Versions:</h2>
IDE-Version: μVision V5.22.0.0
Copyright (C) 2016 ARM Ltd and ARM Germany GmbH. All rights reserved.
License Information: 1212 Administrator1, WEW1, LIC=WHYH9-482BY-KPSZY-I7UVP-81HVF-74PIT
 
Tool Versions:
Toolchain:       MDK-ARM Plus  Version: 5.22
Toolchain Path:  D:\Keil_v5\ARM\ARMCC\Bin
C Compiler:      Armcc.exe V5.06 update 4 (build 422)
Assembler:       Armasm.exe V5.06 update 4 (build 422)
Linker/Locator:  ArmLink.exe V5.06 update 4 (build 422)
Library Manager: ArmAr.exe V5.06 update 4 (build 422)
Hex Converter:   FromElf.exe V5.06 update 4 (build 422)
CPU DLL:         SARMCM3.DLL V5.22
Dialog DLL:      DCM.DLL V1.13.9.0
Target DLL:      STLink\ST-LINKIII-KEIL_SWO.dll V2.0.18.0
Dialog DLL:      TCM.DLL V1.21.0.0
 
<h2>Project:</h2>
F:\hkt18\桌面\cdc-stm32\cdc-stm32\CDC_code\stm32f103_usb_pcap04 debug - 副本\MDK-ARM\usb.uvprojx
Project File Date:  11/04/2025

<h2>Output:</h2>
*** Using Compiler 'V5.06 update 4 (build 422)', folder: 'D:\Keil_v5\ARM\ARMCC\Bin'
Build target 'usb'
assembling startup_stm32f103xb.s...
compiling usart.c...
compiling mux_control.c...
compiling spi.c...
compiling gpio.c...
compiling stm32f1xx_it.c...
compiling i2c.c...
compiling main.c...
compiling stm32f1xx_hal_msp.c...
compiling pcap04_spi.c...
compiling matrix_scan.c...
compiling usb_command.c...
compiling stm32f1xx_hal_gpio_ex.c...
compiling stm32f1xx_hal_pcd_ex.c...
compiling stm32f1xx_hal.c...
compiling stm32f1xx_hal_rcc_ex.c...
compiling stm32f1xx_hal_gpio.c...
compiling stm32f1xx_hal_pwr.c...
compiling stm32f1xx_hal_rcc.c...
compiling stm32f1xx_hal_dma.c...
compiling stm32f1xx_hal_pcd.c...
compiling stm32f1xx_hal_cortex.c...
compiling stm32f1xx_ll_usb.c...
compiling system_stm32f1xx.c...
compiling stm32f1xx_hal_tim_ex.c...
compiling stm32f1xx_hal_exti.c...
compiling stm32f1xx_hal_tim.c...
compiling stm32f1xx_hal_flash_ex.c...
compiling stm32f1xx_hal_flash.c...
compiling usb_device.c...
compiling usbd_desc.c...
compiling stm32f1xx_hal_spi.c...
compiling stm32f1xx_hal_uart.c...
compiling stm32f1xx_hal_i2c.c...
compiling usbd_cdc_if.c...
compiling usbd_ctlreq.c...
compiling usbd_ioreq.c...
compiling usbd_conf.c...
compiling usbd_core.c...
compiling usbd_cdc.c...
linking...
Program Size: Code=25692 RO-data=4624 RW-data=1020 ZI-data=10516  
FromELF: creating hex file...
"usb\usb.axf" - 0 Error(s), 0 Warning(s).

<h2>Software Packages used:</h2>

Package Vendor: ARM
                http://www.keil.com/pack/ARM.CMSIS.5.0.0.pack
                ARM::CMSIS:CORE:5.0.0
                CMSIS (Cortex Microcontroller Software Interface Standard)
   * Component: CORE Version: 5.0.0

<h2>Collection of Component include folders:</h2>
  F:\hkt18\桌面\cdc-stm32\cdc-stm32\CDC_code\stm32f103_usb_pcap04 debug - 副本\MDK-ARM\RTE\_usb
  D:\Keil_v5\ARM\PACK\ARM\CMSIS\5.0.0\CMSIS\Include
  D:\Keil_v5\ARM\PACK\Keil\STM32F1xx_DFP\1.0.5\Device\Include

<h2>Collection of Component Files used:</h2>

   * Component: ARM::CMSIS:CORE:5.0.0
Build Time Elapsed:  00:00:08
</pre>
</body>
</html>
