<html>
<body>
<pre>
<h1>µVision Build Log</h1>
<h2>Tool Versions:</h2>
IDE-Version: ¦ÌVision V5.36.0.0
Copyright (C) 2021 ARM Ltd and ARM Germany GmbH. All rights reserved.
License Information: 1 Ð»Mr, 1, LIC=VGXG8-38BU5-QDVKD-868KJ-AANNQ-Q2D0V
 
Tool Versions:
Toolchain:       MDK-ARM Plus  Version: 5.36.0.0
Toolchain Path:  H:\Keil_v5\ARM\ARMCC\Bin
C Compiler:      Armcc.exe V5.06 update 7 (build 960)
Assembler:       Armasm.exe V5.06 update 7 (build 960)
Linker/Locator:  ArmLink.exe V5.06 update 7 (build 960)
Library Manager: ArmAr.exe V5.06 update 7 (build 960)
Hex Converter:   FromElf.exe V5.06 update 7 (build 960)
CPU DLL:         SARMCM3.DLL V5.36.0.0
Dialog DLL:      DCM.DLL V1.17.3.0
Target DLL:      STLink\ST-LINKIII-KEIL_SWO.dll V3.0.9.0
Dialog DLL:      TCM.DLL V1.53.0.0
 
<h2>Project:</h2>
I:\PCAP01µçÂ·STM32³ÌÐò\USER\USART.uvprojx
Project File Date:  02/11/2023

<h2>Output:</h2>
*** Using Compiler 'V5.06 update 7 (build 960)', folder: 'H:\Keil_v5\ARM\ARMCC\Bin'
Build target 'Target 1'
compiling STM32_VSPI.c...
..\PCAP\pcap.h(26): warning:  #1295-D: Deprecated declaration SPI_Read_Bit - give arg types
  u8 SPI_Read_Bit();
..\PCAP\pcap.h(27): warning:  #1295-D: Deprecated declaration LED_OFF - give arg types
  void LED_OFF();
..\PCAP\pcap.h(28): warning:  #1295-D: Deprecated declaration LED_ON - give arg types
  void LED_ON();
..\PCAP\STM32_VSPI.c(30): warning:  #223-D: function "LED_Init" declared implicitly
    LED_Init();
..\PCAP\STM32_VSPI.c: 4 warnings, 0 errors
linking...
Program Size: Code=11042 RO-data=1362 RW-data=52 ZI-data=2276  
FromELF: creating hex file...
"..\OBJ\USART.axf" - 0 Error(s), 4 Warning(s).

<h2>Software Packages used:</h2>

Package Vendor: Keil
                http://www.keil.com/pack/Keil.STM32F1xx_DFP.2.3.0.pack
                Keil.STM32F1xx_DFP.2.3.0
                STMicroelectronics STM32F1 Series Device Support, Drivers and Examples

<h2>Collection of Component include folders:</h2>
  C:\Users\Ð»Mr\AppData\Local\Arm\Packs\Keil\STM32F1xx_DFP\2.3.0\Device\Include

<h2>Collection of Component Files used:</h2>
Build Time Elapsed:  00:00:02
</pre>
</body>
</html>
