<html>
<body>
<pre>
<h1>µVision Build Log</h1>
<h2>Tool Versions:</h2>
IDE-Version: ¦ÌVision V5.31.0.0
Copyright (C) 2020 ARM Ltd and ARM Germany GmbH. All rights reserved.
License Information: 1 yuanchu, 1, LIC=QF82M-XP395-JJE6S-LZT02-KYDS5-62VTM
 
Tool Versions:
Toolchain:       MDK-ARM Plus  Version: 5.31.0.0
Toolchain Path:  D:\Keil_v5\ARM\ARMCC\Bin
C Compiler:      Armcc.exe V5.06 update 6 (build 750)
Assembler:       Armasm.exe V5.06 update 6 (build 750)
Linker/Locator:  ArmLink.exe V5.06 update 6 (build 750)
Library Manager: ArmAr.exe V5.06 update 6 (build 750)
Hex Converter:   FromElf.exe V5.06 update 6 (build 750)
CPU DLL:         SARMCM3.DLL V5.31.0.0
Dialog DLL:      DCM.DLL V1.17.3.0
Target DLL:      STLink\ST-LINKIII-KEIL_SWO.dll V3.0.7.0
Dialog DLL:      TCM.DLL V1.46.0.0
 
<h2>Project:</h2>
E:\.User\Desktop\testusb\usb\MDK-ARM\usb.uvprojx
Project File Date:  11/06/2025

<h2>Output:</h2>
*** Using Compiler 'V5.06 update 6 (build 750)', folder: 'D:\Keil_v5\ARM\ARMCC\Bin'
Build target 'usb'
assembling startup_stm32f103xb.s...
compiling stm32f1xx_hal_msp.c...
compiling stm32f1xx_it.c...
compiling spi.c...
compiling gpio.c...
compiling i2c.c...
compiling usart.c...
compiling main.c...
../Core/Src/main.c(205): warning:  #870-D: invalid multibyte character sequence
  	printf("è¿”å›žå€?:%X\n",text_receive);
../Core/Src/main.c(308): warning:  #177-D: variable "PCap04_data"  was declared but never referenced
  	uint8_t PCap04_data = 0x00,Opcode = 0xA0,Address=0x00;
../Core/Src/main.c(308): warning:  #177-D: variable "Opcode"  was declared but never referenced
  	uint8_t PCap04_data = 0x00,Opcode = 0xA0,Address=0x00;
../Core/Src/main.c(308): warning:  #177-D: variable "Address"  was declared but never referenced
  	uint8_t PCap04_data = 0x00,Opcode = 0xA0,Address=0x00;
../Core/Src/main.c(319): warning:  #177-D: variable "integer"  was declared but never referenced
  	uint32_t integer,fractional;
../Core/Src/main.c(319): warning:  #177-D: variable "fractional"  was declared but never referenced
  	uint32_t integer,fractional;
../Core/Src/main.c(320): warning:  #177-D: variable "integrated"  was declared but never referenced
  	double integrated ;
../Core/Src/main.c: 7 warnings, 0 errors
compiling stm32f1xx_hal_gpio_ex.c...
compiling stm32f1xx_hal_pcd_ex.c...
compiling stm32f1xx_hal_pcd.c...
compiling stm32f1xx_hal.c...
compiling stm32f1xx_ll_usb.c...
compiling stm32f1xx_hal_rcc_ex.c...
compiling stm32f1xx_hal_rcc.c...
compiling stm32f1xx_hal_gpio.c...
compiling stm32f1xx_hal_exti.c...
compiling stm32f1xx_hal_cortex.c...
compiling stm32f1xx_hal_pwr.c...
compiling stm32f1xx_hal_dma.c...
compiling stm32f1xx_hal_flash.c...
compiling stm32f1xx_hal_flash_ex.c...
compiling stm32f1xx_hal_tim_ex.c...
compiling system_stm32f1xx.c...
compiling stm32f1xx_hal_i2c.c...
compiling stm32f1xx_hal_tim.c...
compiling usb_device.c...
compiling stm32f1xx_hal_spi.c...
compiling stm32f1xx_hal_uart.c...
compiling usbd_desc.c...
compiling usbd_ctlreq.c...
compiling usbd_cdc_if.c...
compiling usbd_ioreq.c...
compiling usbd_conf.c...
compiling usbd_core.c...
compiling usbd_cdc.c...
linking...
Program Size: Code=19936 RO-data=1356 RW-data=400 ZI-data=9768  
FromELF: creating hex file...
"usb\usb.axf" - 0 Error(s), 7 Warning(s).

<h2>Software Packages used:</h2>

Package Vendor: ARM
                http://www.keil.com/pack/ARM.CMSIS.5.7.0.pack
                ARM.CMSIS.5.7.0
                CMSIS (Cortex Microcontroller Software Interface Standard)
   * Component: CORE Version: 5.4.0

Package Vendor: Keil
                http://www.keil.com/pack/Keil.STM32F1xx_DFP.2.2.0.pack
                Keil.STM32F1xx_DFP.2.2.0
                STMicroelectronics STM32F1 Series Device Support, Drivers and Examples

<h2>Collection of Component include folders:</h2>
  .\RTE\_usb
  D:\Keil_v5\ARM\PACK\ARM\CMSIS\5.7.0\CMSIS\Core\Include
  D:\Keil_v5\ARM\PACK\Keil\STM32F1xx_DFP\2.2.0\Device\Include

<h2>Collection of Component Files used:</h2>

   * Component: ARM::CMSIS:CORE:5.4.0
      Include file:  CMSIS\Core\Include\tz_context.h
Build Time Elapsed:  00:00:37
</pre>
</body>
</html>
